2024-02-17 19:02:08.669	[35mDEBUG[0m	example/example.go:18	1
